[     165ms] [INFO] %cDownload the React DevTools for a better development experience: https://react.dev/link/react-devtools font-weight:bold @ http://localhost:3000/_next/static/chunks/node_modules_next_dist_115brz8._.js:2477
[     193ms] [LOG] [HMR] connected @ http://localhost:3000/_next/static/chunks/node_modules_next_dist_115brz8._.js:2477
[     412ms] [LOG] [Fast Refresh] rebuilding @ http://localhost:3000/_next/static/chunks/node_modules_next_dist_115brz8._.js:2477
[     603ms] [LOG] [Fast Refresh] done in 343ms @ http://localhost:3000/_next/static/chunks/node_modules_next_dist_115brz8._.js:2477
[    1462ms] [LOG] [SCHICK-A-WALK (Shopify)] header row 1: [Date, Total Sales, Gross Sales, Discounts, Returns, Net Sales, Total Orders, Aov] @ http://localhost:3000/_next/static/chunks/node_modules_next_dist_115brz8._.js:2477
[    1471ms] [ERROR] Failed to load resource: the server responded with a status of 400 (Bad Request) @ http://localhost:3000/api/sheets?id=1qBBKQJS4x2cjZtMttNwq-R6x7JzfsdmVBkpc4fALkew&sheet=Shopify+Analytics:0
[    1472ms] [ERROR] [SCHICK-A-WALK] Shopify Analytics fetch failed: Error: Unable to parse range: Shopify Analytics!A1:Z2000
    at fetchShopifyAnalytics (http://localhost:3000/_next/static/chunks/_0357w.~._.js:761:28) @ http://localhost:3000/_next/static/chunks/node_modules_next_dist_115brz8._.js:3318
[    1654ms] [LOG] [SCHICK-A-WALK] header row 1: [Date, Ad Spend, Revenue, Impressions, Clicks, ATC, Purchases, ROAS, CPA, CR, CTR, AOV] @ http://localhost:3000/_next/static/chunks/node_modules_next_dist_115brz8._.js:2477
[    1656ms] [LOG] [Saalvi] header row 1: [, Date, Ad Spend, Revenue, Impressions, Clicks, ATC, Purchases, ROAS, CPA, CR, CTR, AOV] @ http://localhost:3000/_next/static/chunks/node_modules_next_dist_115brz8._.js:2477
[    1899ms] [LOG] [Saalvi (Shopify)] header row 1: [Date, Total Sales, Gross Sales, Discounts, Returns, Net Sales, Total Orders, Aov] @ http://localhost:3000/_next/static/chunks/node_modules_next_dist_115brz8._.js:2477
[    1927ms] [LOG] [Fast Refresh] rebuilding @ http://localhost:3000/_next/static/chunks/node_modules_next_dist_115brz8._.js:2477
[    1972ms] [LOG] [Fast Refresh] done in 145ms @ http://localhost:3000/_next/static/chunks/node_modules_next_dist_115brz8._.js:2477
[    2055ms] [LOG] [OSN (Shopify)] header row 1: [Date, Total Sales, Gross Sales, Discounts, Returns, Net Sales, Total Orders, Aov] @ http://localhost:3000/_next/static/chunks/node_modules_next_dist_115brz8._.js:2477
[    2059ms] [LOG] [OSN] header row 1: [, Date, Ad Spend, Revenue, Impressions, Clicks, ATC, Purchases, ROAS, CPA, CR, CTR, AOV] @ http://localhost:3000/_next/static/chunks/node_modules_next_dist_115brz8._.js:2477
[    2290ms] [LOG] [Maniyar] header row 1: [, Date, Ad Spend, Revenue, Impressions, Clicks, ATC, Purchases, ROAS, CPA, CR, CTR, AOV] @ http://localhost:3000/_next/static/chunks/node_modules_next_dist_115brz8._.js:2477
[    2334ms] [LOG] [Maniyar (Shopify)] header row 1: [Date, Total Sales, Gross Sales, Discounts, Returns, Net Sales, Total Orders, Aov] @ http://localhost:3000/_next/static/chunks/node_modules_next_dist_115brz8._.js:2477
[    2497ms] [LOG] [Evday (Shopify)] header row 1: [Date, Total Sales, Gross Sales, Discounts, Returns, Net Sales, Total Orders, Aov] @ http://localhost:3000/_next/static/chunks/node_modules_next_dist_115brz8._.js:2477
[    2507ms] [LOG] [Evday] header row 1: [, Date, Ad Spend, Revenue, Impressions, Clicks, ATC, Purchases, ROAS, CPA, CR, CTR, AOV] @ http://localhost:3000/_next/static/chunks/node_modules_next_dist_115brz8._.js:2477
[    2907ms] [LOG] [Skinloom] header row 1: [, Date, Ad Spend, Revenue, Impressions, Clicks, ATC, Purchases, ROAS, CPA, CR, CTR, AOV] @ http://localhost:3000/_next/static/chunks/node_modules_next_dist_115brz8._.js:2477
[    2927ms] [LOG] [Milkvilla (Shopify)] header row 1: [] @ http://localhost:3000/_next/static/chunks/node_modules_next_dist_115brz8._.js:2477
[    2956ms] [LOG] [Skinloom (Shopify)] header row 1: [Date, Total Sales, Gross Sales, Discounts, Returns, Net Sales, Total Orders, Aov] @ http://localhost:3000/_next/static/chunks/node_modules_next_dist_115brz8._.js:2477
[    2961ms] [LOG] [Milkvilla] header row 1: [, Date, Ad Spend, Revenue, Impressions, Clicks, ATC, Purchases, ROAS, CPA, CR, CTR, AOV] @ http://localhost:3000/_next/static/chunks/node_modules_next_dist_115brz8._.js:2477
[   27089ms] [ERROR] Failed to load resource: the server responded with a status of 400 (Bad Request) @ http://localhost:3000/api/sheets?id=1qBBKQJS4x2cjZtMttNwq-R6x7JzfsdmVBkpc4fALkew&sheet=Shopify+Analytics:0
[   27090ms] [ERROR] [SCHICK-A-WALK] Shopify Analytics fetch failed: Error: Unable to parse range: Shopify Analytics!A1:Z2000
    at fetchShopifyAnalytics (http://localhost:3000/_next/static/chunks/_0357w.~._.js:761:28) @ http://localhost:3000/_next/static/chunks/node_modules_next_dist_115brz8._.js:3318
[   27569ms] [ERROR] Failed to load resource: the server responded with a status of 400 (Bad Request) @ http://localhost:3000/api/sheets?id=1qBBKQJS4x2cjZtMttNwq-R6x7JzfsdmVBkpc4fALkew&sheet=Shopify+Analytics:0
[   27569ms] [ERROR] [SCHICK-A-WALK] Shopify Analytics fetch failed: Error: Unable to parse range: Shopify Analytics!A1:Z2000
    at fetchShopifyAnalytics (http://localhost:3000/_next/static/chunks/_0357w.~._.js:761:28) @ http://localhost:3000/_next/static/chunks/node_modules_next_dist_115brz8._.js:3318
[   29216ms] [ERROR] Failed to load resource: the server responded with a status of 400 (Bad Request) @ http://localhost:3000/api/sheets?id=1LhmdUEZrk5xGp6dfnpDdHu4rk6ZhReisxBNV2GP5lXI&sheet=Shopify+Analytics:0
[   29217ms] [ERROR] [OSN] Shopify Analytics fetch failed: Error: Unable to parse range: Shopify Analytics!A1:Z2000
    at fetchShopifyAnalytics (http://localhost:3000/_next/static/chunks/_0357w.~._.js:761:28) @ http://localhost:3000/_next/static/chunks/node_modules_next_dist_115brz8._.js:3318
[   89079ms] [LOG] [Fast Refresh] rebuilding @ http://localhost:3000/_next/static/chunks/node_modules_next_dist_115brz8._.js:2477
[   89133ms] [LOG] [Fast Refresh] done in 114ms @ http://localhost:3000/_next/static/chunks/node_modules_next_dist_115brz8._.js:2477
[  107017ms] [LOG] [Fast Refresh] rebuilding @ http://localhost:3000/_next/static/chunks/node_modules_next_dist_115brz8._.js:2477
[  107069ms] [LOG] [Fast Refresh] done in 36ms @ http://localhost:3000/_next/static/chunks/node_modules_next_dist_115brz8._.js:2477
[  107648ms] [ERROR] Failed to load resource: the server responded with a status of 400 (Bad Request) @ http://localhost:3000/api/sheets?id=1qBBKQJS4x2cjZtMttNwq-R6x7JzfsdmVBkpc4fALkew&sheet=Shopify+Analytics:0
[  107648ms] [ERROR] [SCHICK-A-WALK] Shopify Analytics fetch failed: Error: Unable to parse range: Shopify Analytics!A1:Z2000
    at fetchShopifyAnalytics (http://localhost:3000/_next/static/chunks/_0357w.~._.js:761:28) @ http://localhost:3000/_next/static/chunks/node_modules_next_dist_115brz8._.js:3318
[  115430ms] [ERROR] Failed to load resource: the server responded with a status of 400 (Bad Request) @ http://localhost:3000/api/sheets?id=1LhmdUEZrk5xGp6dfnpDdHu4rk6ZhReisxBNV2GP5lXI&sheet=Shopify+Analytics:0
[  115430ms] [ERROR] [OSN] Shopify Analytics fetch failed: Error: Unable to parse range: Shopify Analytics!A1:Z2000
    at fetchShopifyAnalytics (http://localhost:3000/_next/static/chunks/_0357w.~._.js:761:28) @ http://localhost:3000/_next/static/chunks/node_modules_next_dist_115brz8._.js:3318
