[     157ms] [INFO] %cDownload the React DevTools for a better development experience: https://react.dev/link/react-devtools font-weight:bold @ http://localhost:3000/_next/static/chunks/node_modules_next_dist_115brz8._.js:2477
[     175ms] [LOG] [HMR] connected @ http://localhost:3000/_next/static/chunks/node_modules_next_dist_115brz8._.js:2477
[     838ms] [LOG] [OSN (Shopify)] header row 1: [Date, Total Sales, Gross Sales, Discounts, Returns, Net Sales, Total Orders, Aov] @ http://localhost:3000/_next/static/chunks/node_modules_next_dist_115brz8._.js:2477
[     841ms] [LOG] [SCHICK-A-WALK] header row 1: [Date, Ad Spend, Revenue, Impressions, Clicks, ATC, Purchases, ROAS, CPA, CR, CTR, AOV] @ http://localhost:3000/_next/static/chunks/node_modules_next_dist_115brz8._.js:2477
[     857ms] [LOG] [SCHICK-A-WALK (Shopify)] header row 1: [Date, Total Sales, Gross Sales, Discounts, Returns, Net Sales, Total Orders, Aov] @ http://localhost:3000/_next/static/chunks/node_modules_next_dist_115brz8._.js:2477
[     859ms] [ERROR] Failed to load resource: the server responded with a status of 400 (Bad Request) @ http://localhost:3000/api/sheets?id=1qBBKQJS4x2cjZtMttNwq-R6x7JzfsdmVBkpc4fALkew&sheet=Shopify+Analytics:0
[     860ms] [ERROR] [SCHICK-A-WALK] Shopify Analytics fetch failed: Error: Unable to parse range: Shopify Analytics!A1:Z2000
    at fetchShopifyAnalytics (http://localhost:3000/_next/static/chunks/_0357w.~._.js:761:28) @ http://localhost:3000/_next/static/chunks/node_modules_next_dist_115brz8._.js:3318
[     888ms] [LOG] [Saalvi] header row 1: [, Date, Ad Spend, Revenue, Impressions, Clicks, ATC, Purchases, ROAS, CPA, CR, CTR, AOV] @ http://localhost:3000/_next/static/chunks/node_modules_next_dist_115brz8._.js:2477
[     889ms] [LOG] [OSN] header row 1: [, Date, Ad Spend, Revenue, Impressions, Clicks, ATC, Purchases, ROAS, CPA, CR, CTR, AOV] @ http://localhost:3000/_next/static/chunks/node_modules_next_dist_115brz8._.js:2477
[    1338ms] [LOG] [Saalvi (Shopify)] header row 1: [Date, Total Sales, Gross Sales, Discounts, Returns, Net Sales, Total Orders, Aov] @ http://localhost:3000/_next/static/chunks/node_modules_next_dist_115brz8._.js:2477
[    1342ms] [LOG] [Evday] header row 1: [, Date, Ad Spend, Revenue, Impressions, Clicks, ATC, Purchases, ROAS, CPA, CR, CTR, AOV] @ http://localhost:3000/_next/static/chunks/node_modules_next_dist_115brz8._.js:2477
[    1343ms] [LOG] [Maniyar (Shopify)] header row 1: [Date, Total Sales, Gross Sales, Discounts, Returns, Net Sales, Total Orders, Aov] @ http://localhost:3000/_next/static/chunks/node_modules_next_dist_115brz8._.js:2477
[    1353ms] [LOG] [Evday (Shopify)] header row 1: [Date, Total Sales, Gross Sales, Discounts, Returns, Net Sales, Total Orders, Aov] @ http://localhost:3000/_next/static/chunks/node_modules_next_dist_115brz8._.js:2477
[    1353ms] [LOG] [Maniyar] header row 1: [, Date, Ad Spend, Revenue, Impressions, Clicks, ATC, Purchases, ROAS, CPA, CR, CTR, AOV] @ http://localhost:3000/_next/static/chunks/node_modules_next_dist_115brz8._.js:2477
[    1400ms] [LOG] [Skinloom] header row 1: [, Date, Ad Spend, Revenue, Impressions, Clicks, ATC, Purchases, ROAS, CPA, CR, CTR, AOV] @ http://localhost:3000/_next/static/chunks/node_modules_next_dist_115brz8._.js:2477
[    1752ms] [LOG] [Milkvilla] header row 1: [, Date, Ad Spend, Revenue, Impressions, Clicks, ATC, Purchases, ROAS, CPA, CR, CTR, AOV] @ http://localhost:3000/_next/static/chunks/node_modules_next_dist_115brz8._.js:2477
[    1762ms] [LOG] [Milkvilla (Shopify)] header row 1: [] @ http://localhost:3000/_next/static/chunks/node_modules_next_dist_115brz8._.js:2477
[    1813ms] [LOG] [Skinloom (Shopify)] header row 1: [Date, Total Sales, Gross Sales, Discounts, Returns, Net Sales, Total Orders, Aov] @ http://localhost:3000/_next/static/chunks/node_modules_next_dist_115brz8._.js:2477
[  331620ms] [LOG] [Fast Refresh] rebuilding @ http://localhost:3000/_next/static/chunks/node_modules_next_dist_115brz8._.js:2477
[  331676ms] [LOG] [Fast Refresh] done in 157ms @ http://localhost:3000/_next/static/chunks/node_modules_next_dist_115brz8._.js:2477
[  362896ms] [LOG] [Fast Refresh] rebuilding @ http://localhost:3000/_next/static/chunks/node_modules_next_dist_115brz8._.js:2477
[  362923ms] [LOG] [Fast Refresh] done in 61ms @ http://localhost:3000/_next/static/chunks/node_modules_next_dist_115brz8._.js:2477
[  384961ms] [ERROR] Failed to load resource: the server responded with a status of 400 (Bad Request) @ http://localhost:3000/api/sheets?id=1qBBKQJS4x2cjZtMttNwq-R6x7JzfsdmVBkpc4fALkew&sheet=Shopify+Analytics:0
[  384963ms] [ERROR] [SCHICK-A-WALK] Shopify Analytics fetch failed: Error: Unable to parse range: Shopify Analytics!A1:Z2000
    at fetchShopifyAnalytics (http://localhost:3000/_next/static/chunks/_0357w.~._.js:761:28) @ http://localhost:3000/_next/static/chunks/node_modules_next_dist_115brz8._.js:3318
[  458229ms] [LOG] [Fast Refresh] rebuilding @ http://localhost:3000/_next/static/chunks/node_modules_next_dist_115brz8._.js:2477
[  458277ms] [LOG] [Fast Refresh] done in 116ms @ http://localhost:3000/_next/static/chunks/node_modules_next_dist_115brz8._.js:2477
[  467609ms] [LOG] [Fast Refresh] rebuilding @ http://localhost:3000/_next/static/chunks/node_modules_next_dist_115brz8._.js:2477
[  467630ms] [LOG] [Fast Refresh] done in 60ms @ http://localhost:3000/_next/static/chunks/node_modules_next_dist_115brz8._.js:2477
[  475107ms] [LOG] [Fast Refresh] rebuilding @ http://localhost:3000/_next/static/chunks/node_modules_next_dist_115brz8._.js:2477
[  475141ms] [LOG] [Fast Refresh] done in 59ms @ http://localhost:3000/_next/static/chunks/node_modules_next_dist_115brz8._.js:2477
[  477302ms] [LOG] [Fast Refresh] rebuilding @ http://localhost:3000/_next/static/chunks/node_modules_next_dist_115brz8._.js:2477
[  477332ms] [LOG] [Fast Refresh] done in 26ms @ http://localhost:3000/_next/static/chunks/node_modules_next_dist_115brz8._.js:2477
[  479476ms] [LOG] [Fast Refresh] rebuilding @ http://localhost:3000/_next/static/chunks/node_modules_next_dist_115brz8._.js:2477
[  479505ms] [LOG] [Fast Refresh] done in 20ms @ http://localhost:3000/_next/static/chunks/node_modules_next_dist_115brz8._.js:2477
[  485643ms] [LOG] [Fast Refresh] rebuilding @ http://localhost:3000/_next/static/chunks/node_modules_next_dist_115brz8._.js:2477
[  485697ms] [LOG] [Fast Refresh] done in 51ms @ http://localhost:3000/_next/static/chunks/node_modules_next_dist_115brz8._.js:2477
[  803132ms] [LOG] [Fast Refresh] rebuilding @ http://localhost:3000/_next/static/chunks/node_modules_next_dist_115brz8._.js:2477
[  803177ms] [LOG] [Fast Refresh] done in 63ms @ http://localhost:3000/_next/static/chunks/node_modules_next_dist_115brz8._.js:2477
