[     130ms] [INFO] %cDownload the React DevTools for a better development experience: https://react.dev/link/react-devtools font-weight:bold @ http://localhost:3000/_next/static/chunks/node_modules_next_dist_115brz8._.js:2477
[     148ms] [LOG] [HMR] connected @ http://localhost:3000/_next/static/chunks/node_modules_next_dist_115brz8._.js:2477
[     707ms] [LOG] [SCHICK-A-WALK (Shopify)] header row 1: [Date, Total Sales, Gross Sales, Discounts, Returns, Net Sales, Total Orders, Aov] @ http://localhost:3000/_next/static/chunks/node_modules_next_dist_115brz8._.js:2477
[     725ms] [LOG] [SCHICK-A-WALK] header row 1: [Date, Ad Spend, Revenue, Impressions, Clicks, ATC, Purchases, ROAS, CPA, CR, CTR, AOV] @ http://localhost:3000/_next/static/chunks/node_modules_next_dist_115brz8._.js:2477
[     728ms] [LOG] [Saalvi] header row 1: [, Date, Ad Spend, Revenue, Impressions, Clicks, ATC, Purchases, ROAS, CPA, CR, CTR, AOV] @ http://localhost:3000/_next/static/chunks/node_modules_next_dist_115brz8._.js:2477
[     740ms] [LOG] [OSN] header row 1: [, Date, Ad Spend, Revenue, Impressions, Clicks, ATC, Purchases, ROAS, CPA, CR, CTR, AOV] @ http://localhost:3000/_next/static/chunks/node_modules_next_dist_115brz8._.js:2477
[     749ms] [LOG] [Saalvi (Shopify)] header row 1: [Date, Total Sales, Gross Sales, Discounts, Returns, Net Sales, Total Orders, Aov] @ http://localhost:3000/_next/static/chunks/node_modules_next_dist_115brz8._.js:2477
[     764ms] [LOG] [OSN (Shopify)] header row 1: [Date, Total Sales, Gross Sales, Discounts, Returns, Net Sales, Total Orders, Aov] @ http://localhost:3000/_next/static/chunks/node_modules_next_dist_115brz8._.js:2477
[    1231ms] [LOG] [Skinloom (Shopify)] header row 1: [Date, Total Sales, Gross Sales, Discounts, Returns, Net Sales, Total Orders, Aov] @ http://localhost:3000/_next/static/chunks/node_modules_next_dist_115brz8._.js:2477
[    1233ms] [LOG] [Evday] header row 1: [, Date, Ad Spend, Revenue, Impressions, Clicks, ATC, Purchases, ROAS, CPA, CR, CTR, AOV] @ http://localhost:3000/_next/static/chunks/node_modules_next_dist_115brz8._.js:2477
[    1247ms] [LOG] [Maniyar (Shopify)] header row 1: [Date, Total Sales, Gross Sales, Discounts, Returns, Net Sales, Total Orders, Aov] @ http://localhost:3000/_next/static/chunks/node_modules_next_dist_115brz8._.js:2477
[    1248ms] [LOG] [Skinloom] header row 1: [, Date, Ad Spend, Revenue, Impressions, Clicks, ATC, Purchases, ROAS, CPA, CR, CTR, AOV] @ http://localhost:3000/_next/static/chunks/node_modules_next_dist_115brz8._.js:2477
[    1249ms] [LOG] [Maniyar] header row 1: [, Date, Ad Spend, Revenue, Impressions, Clicks, ATC, Purchases, ROAS, CPA, CR, CTR, AOV] @ http://localhost:3000/_next/static/chunks/node_modules_next_dist_115brz8._.js:2477
[    1415ms] [LOG] [Evday (Shopify)] header row 1: [Date, Total Sales, Gross Sales, Discounts, Returns, Net Sales, Total Orders, Aov] @ http://localhost:3000/_next/static/chunks/node_modules_next_dist_115brz8._.js:2477
[    1732ms] [LOG] [Milkvilla (Shopify)] header row 1: [] @ http://localhost:3000/_next/static/chunks/node_modules_next_dist_115brz8._.js:2477
[    1825ms] [LOG] [Milkvilla] header row 1: [, Date, Ad Spend, Revenue, Impressions, Clicks, ATC, Purchases, ROAS, CPA, CR, CTR, AOV] @ http://localhost:3000/_next/static/chunks/node_modules_next_dist_115brz8._.js:2477
[   70234ms] [ERROR] Failed to load resource: the server responded with a status of 403 (Forbidden) @ http://localhost:3000/api/sheets?id=1V4L37EOVV7P5JiD-DhafBcwAJiZA3aCSsNiuFyrKBeU&sheet=Overview:0
[   70235ms] [ERROR] [Evday] Multi-sheet Shopify Analytics fetch failed: Error: The caller does not have permission
    at fetchSheetRaw (http://localhost:3000/_next/static/chunks/_00mmp3z._.js:893:24)
    at async Promise.all (index 0)
    at async fetchShopifyAnalyticsMultiSheet (http://localhost:3000/_next/static/chunks/_00mmp3z._.js:984:70) @ http://localhost:3000/_next/static/chunks/node_modules_next_dist_115brz8._.js:3318
[   70746ms] [ERROR] Failed to load resource: the server responded with a status of 403 (Forbidden) @ http://localhost:3000/api/sheets?id=1V4L37EOVV7P5JiD-DhafBcwAJiZA3aCSsNiuFyrKBeU&sheet=Product+Performance:0
[   71285ms] [ERROR] Failed to load resource: the server responded with a status of 403 (Forbidden) @ http://localhost:3000/api/sheets?id=1V4L37EOVV7P5JiD-DhafBcwAJiZA3aCSsNiuFyrKBeU&sheet=Sessions+by+Location:0
[   71760ms] [ERROR] Failed to load resource: the server responded with a status of 403 (Forbidden) @ http://localhost:3000/api/sheets?id=1V4L37EOVV7P5JiD-DhafBcwAJiZA3aCSsNiuFyrKBeU&sheet=Sessions+by+Referrer:0
[   72195ms] [ERROR] Failed to load resource: the server responded with a status of 403 (Forbidden) @ http://localhost:3000/api/sheets?id=1V4L37EOVV7P5JiD-DhafBcwAJiZA3aCSsNiuFyrKBeU&sheet=Sessions+by+Landing+Page:0
[   72951ms] [ERROR] Failed to load resource: the server responded with a status of 403 (Forbidden) @ http://localhost:3000/api/sheets?id=1PiCE1hIh_oNsREJ90UyASA0IMZFTVjcTsDMsKi4dLRk&sheet=Overview:0
[   72951ms] [ERROR] [Skinloom] Multi-sheet Shopify Analytics fetch failed: Error: The caller does not have permission
    at fetchSheetRaw (http://localhost:3000/_next/static/chunks/_00mmp3z._.js:893:24)
    at async Promise.all (index 0)
    at async fetchShopifyAnalyticsMultiSheet (http://localhost:3000/_next/static/chunks/_00mmp3z._.js:984:70) @ http://localhost:3000/_next/static/chunks/node_modules_next_dist_115brz8._.js:3318
[   73477ms] [ERROR] Failed to load resource: the server responded with a status of 403 (Forbidden) @ http://localhost:3000/api/sheets?id=1PiCE1hIh_oNsREJ90UyASA0IMZFTVjcTsDMsKi4dLRk&sheet=Product+Performance:0
[   73967ms] [ERROR] Failed to load resource: the server responded with a status of 403 (Forbidden) @ http://localhost:3000/api/sheets?id=1PiCE1hIh_oNsREJ90UyASA0IMZFTVjcTsDMsKi4dLRk&sheet=Sessions+by+Location:0
[   74515ms] [ERROR] Failed to load resource: the server responded with a status of 403 (Forbidden) @ http://localhost:3000/api/sheets?id=1PiCE1hIh_oNsREJ90UyASA0IMZFTVjcTsDMsKi4dLRk&sheet=Sessions+by+Referrer:0
[   74994ms] [ERROR] Failed to load resource: the server responded with a status of 403 (Forbidden) @ http://localhost:3000/api/sheets?id=1PiCE1hIh_oNsREJ90UyASA0IMZFTVjcTsDMsKi4dLRk&sheet=Sessions+by+Landing+Page:0
[   75557ms] [ERROR] Failed to load resource: the server responded with a status of 400 (Bad Request) @ http://localhost:3000/api/sheets?id=1SZO-oo_yFXNFUEsPikvLVzJZcHl-vWaiE5U4YcLPzAY&sheet=Shopify+Analytics:0
[   75558ms] [ERROR] [Milkvilla] Shopify Analytics fetch failed: Error: Unable to parse range: Shopify Analytics!A1:Z2000
    at fetchShopifyAnalytics (http://localhost:3000/_next/static/chunks/_00mmp3z._.js:1012:28) @ http://localhost:3000/_next/static/chunks/node_modules_next_dist_115brz8._.js:3318
[   79753ms] [ERROR] Failed to load resource: the server responded with a status of 403 (Forbidden) @ http://localhost:3000/api/sheets?id=1fzmvBTJFAttexANt9oVJKilsZ_jAwA-94pT2Spw9xds&sheet=Overview:0
[   79753ms] [ERROR] [Saalvi] Multi-sheet Shopify Analytics fetch failed: Error: The caller does not have permission
    at fetchSheetRaw (http://localhost:3000/_next/static/chunks/_00mmp3z._.js:893:24)
    at async Promise.all (index 0)
    at async fetchShopifyAnalyticsMultiSheet (http://localhost:3000/_next/static/chunks/_00mmp3z._.js:984:70) @ http://localhost:3000/_next/static/chunks/node_modules_next_dist_115brz8._.js:3318
[   80267ms] [ERROR] Failed to load resource: the server responded with a status of 403 (Forbidden) @ http://localhost:3000/api/sheets?id=1fzmvBTJFAttexANt9oVJKilsZ_jAwA-94pT2Spw9xds&sheet=Product+Performance:0
[   80780ms] [ERROR] Failed to load resource: the server responded with a status of 403 (Forbidden) @ http://localhost:3000/api/sheets?id=1fzmvBTJFAttexANt9oVJKilsZ_jAwA-94pT2Spw9xds&sheet=Sessions+by+Location:0
[   81291ms] [ERROR] Failed to load resource: the server responded with a status of 403 (Forbidden) @ http://localhost:3000/api/sheets?id=1fzmvBTJFAttexANt9oVJKilsZ_jAwA-94pT2Spw9xds&sheet=Sessions+by+Referrer:0
[   81807ms] [ERROR] Failed to load resource: the server responded with a status of 403 (Forbidden) @ http://localhost:3000/api/sheets?id=1fzmvBTJFAttexANt9oVJKilsZ_jAwA-94pT2Spw9xds&sheet=Sessions+by+Landing+Page:0
[  132619ms] [ERROR] Failed to load resource: the server responded with a status of 500 (Internal Server Error) @ http://localhost:3000/api/sheets?id=1Vnfxf4c_jOamwTQp14RNuylIOnYxI_Zedi6JK-gTcdg&sheet=Overview:0
[  132629ms] [ERROR] [OSN] Multi-sheet Shopify Analytics fetch failed: Error: Internal error encountered.
    at fetchSheetRaw (http://localhost:3000/_next/static/chunks/_00mmp3z._.js:893:24)
    at async Promise.all (index 0)
    at async fetchShopifyAnalyticsMultiSheet (http://localhost:3000/_next/static/chunks/_00mmp3z._.js:984:70) @ http://localhost:3000/_next/static/chunks/node_modules_next_dist_115brz8._.js:3318
[  163258ms] [ERROR] Failed to load resource: the server responded with a status of 500 (Internal Server Error) @ http://localhost:3000/api/sheets?id=1Vnfxf4c_jOamwTQp14RNuylIOnYxI_Zedi6JK-gTcdg&sheet=Sessions+by+Landing+Page:0
[  247847ms] [ERROR] Failed to load resource: the server responded with a status of 503 (Service Unavailable) @ http://localhost:3000/api/sheets?id=1Vnfxf4c_jOamwTQp14RNuylIOnYxI_Zedi6JK-gTcdg&sheet=Sessions+by+Location:0
[  247852ms] [ERROR] Failed to load resource: the server responded with a status of 503 (Service Unavailable) @ http://localhost:3000/api/sheets?id=1Vnfxf4c_jOamwTQp14RNuylIOnYxI_Zedi6JK-gTcdg&sheet=Sessions+by+Referrer:0
[  247854ms] [ERROR] Failed to load resource: the server responded with a status of 503 (Service Unavailable) @ http://localhost:3000/api/sheets?id=1Vnfxf4c_jOamwTQp14RNuylIOnYxI_Zedi6JK-gTcdg&sheet=Product+Performance:0
[  400479ms] [LOG] [Fast Refresh] rebuilding @ http://localhost:3000/_next/static/chunks/node_modules_next_dist_115brz8._.js:2477
[  401204ms] [LOG] [Fast Refresh] done in 788ms @ http://localhost:3000/_next/static/chunks/node_modules_next_dist_115brz8._.js:2477
[  416769ms] [LOG] [Fast Refresh] rebuilding @ http://localhost:3000/_next/static/chunks/node_modules_next_dist_115brz8._.js:2477
[  416797ms] [LOG] [Fast Refresh] done in 54ms @ http://localhost:3000/_next/static/chunks/node_modules_next_dist_115brz8._.js:2477
[  417784ms] [LOG] [Fast Refresh] rebuilding @ http://localhost:3000/_next/static/chunks/node_modules_next_dist_115brz8._.js:2477
[  417793ms] [LOG] [Fast Refresh] done in 111ms @ http://localhost:3000/_next/static/chunks/node_modules_next_dist_115brz8._.js:2477
[  441367ms] [LOG] [Fast Refresh] rebuilding @ http://localhost:3000/_next/static/chunks/node_modules_next_dist_115brz8._.js:2477
[  441727ms] [LOG] [Fast Refresh] done in 396ms @ http://localhost:3000/_next/static/chunks/node_modules_next_dist_115brz8._.js:2477
