[     202ms] [INFO] %cDownload the React DevTools for a better development experience: https://react.dev/link/react-devtools font-weight:bold @ http://localhost:3000/_next/static/chunks/node_modules_next_dist_115brz8._.js:2477
[     227ms] [LOG] [HMR] connected @ http://localhost:3000/_next/static/chunks/node_modules_next_dist_115brz8._.js:2477
[    1144ms] [LOG] [SCHICK-A-WALK] header row 1: [Date, Ad Spend, Revenue, Impressions, Clicks, ATC, Purchases, ROAS, CPA, CR, CTR, AOV] @ http://localhost:3000/_next/static/chunks/node_modules_next_dist_115brz8._.js:2477
[    1149ms] [ERROR] Failed to load resource: the server responded with a status of 400 (Bad Request) @ http://localhost:3000/api/sheets?id=1qBBKQJS4x2cjZtMttNwq-R6x7JzfsdmVBkpc4fALkew&sheet=Shopify+Analytics:0
[    1150ms] [ERROR] [SCHICK-A-WALK] Shopify Analytics fetch failed: Error: Unable to parse range: Shopify Analytics!A1:Z2000
    at fetchShopifyAnalytics (http://localhost:3000/_next/static/chunks/_0357w.~._.js:761:28) @ http://localhost:3000/_next/static/chunks/node_modules_next_dist_115brz8._.js:3318
[    1261ms] [LOG] [SCHICK-A-WALK (Shopify)] header row 1: [Date, Total Sales, Gross Sales, Discounts, Returns, Net Sales, Total Orders, Aov] @ http://localhost:3000/_next/static/chunks/node_modules_next_dist_115brz8._.js:2477
[    1263ms] [LOG] [OSN] header row 1: [, Date, Ad Spend, Revenue, Impressions, Clicks, ATC, Purchases, ROAS, CPA, CR, CTR, AOV] @ http://localhost:3000/_next/static/chunks/node_modules_next_dist_115brz8._.js:2477
[    1277ms] [LOG] [Saalvi] header row 1: [, Date, Ad Spend, Revenue, Impressions, Clicks, ATC, Purchases, ROAS, CPA, CR, CTR, AOV] @ http://localhost:3000/_next/static/chunks/node_modules_next_dist_115brz8._.js:2477
[    1291ms] [LOG] [OSN (Shopify)] header row 1: [Date, Total Sales, Gross Sales, Discounts, Returns, Net Sales, Total Orders, Aov] @ http://localhost:3000/_next/static/chunks/node_modules_next_dist_115brz8._.js:2477
[    1549ms] [LOG] [Saalvi (Shopify)] header row 1: [Date, Total Sales, Gross Sales, Discounts, Returns, Net Sales, Total Orders, Aov] @ http://localhost:3000/_next/static/chunks/node_modules_next_dist_115brz8._.js:2477
[    1908ms] [LOG] [Maniyar (Shopify)] header row 1: [Date, Total Sales, Gross Sales, Discounts, Returns, Net Sales, Total Orders, Aov] @ http://localhost:3000/_next/static/chunks/node_modules_next_dist_115brz8._.js:2477
[    1953ms] [LOG] [Maniyar] header row 1: [, Date, Ad Spend, Revenue, Impressions, Clicks, ATC, Purchases, ROAS, CPA, CR, CTR, AOV] @ http://localhost:3000/_next/static/chunks/node_modules_next_dist_115brz8._.js:2477
[    1976ms] [LOG] [Evday] header row 1: [, Date, Ad Spend, Revenue, Impressions, Clicks, ATC, Purchases, ROAS, CPA, CR, CTR, AOV] @ http://localhost:3000/_next/static/chunks/node_modules_next_dist_115brz8._.js:2477
[    2018ms] [LOG] [Evday (Shopify)] header row 1: [Date, Total Sales, Gross Sales, Discounts, Returns, Net Sales, Total Orders, Aov] @ http://localhost:3000/_next/static/chunks/node_modules_next_dist_115brz8._.js:2477
[    2227ms] [LOG] [Skinloom (Shopify)] header row 1: [Date, Total Sales, Gross Sales, Discounts, Returns, Net Sales, Total Orders, Aov] @ http://localhost:3000/_next/static/chunks/node_modules_next_dist_115brz8._.js:2477
[    2266ms] [LOG] [Skinloom] header row 1: [, Date, Ad Spend, Revenue, Impressions, Clicks, ATC, Purchases, ROAS, CPA, CR, CTR, AOV] @ http://localhost:3000/_next/static/chunks/node_modules_next_dist_115brz8._.js:2477
[    2571ms] [LOG] [Milkvilla] header row 1: [, Date, Ad Spend, Revenue, Impressions, Clicks, ATC, Purchases, ROAS, CPA, CR, CTR, AOV] @ http://localhost:3000/_next/static/chunks/node_modules_next_dist_115brz8._.js:2477
[    2580ms] [LOG] [Milkvilla (Shopify)] header row 1: [] @ http://localhost:3000/_next/static/chunks/node_modules_next_dist_115brz8._.js:2477
[   11537ms] [ERROR] Failed to load resource: the server responded with a status of 400 (Bad Request) @ http://localhost:3000/api/sheets?id=1LhmdUEZrk5xGp6dfnpDdHu4rk6ZhReisxBNV2GP5lXI&sheet=Shopify+Analytics:0
[   11537ms] [ERROR] [OSN] Shopify Analytics fetch failed: Error: Unable to parse range: Shopify Analytics!A1:Z2000
    at fetchShopifyAnalytics (http://localhost:3000/_next/static/chunks/_0357w.~._.js:761:28) @ http://localhost:3000/_next/static/chunks/node_modules_next_dist_115brz8._.js:3318
[  303079ms] [ERROR] Failed to load resource: the server responded with a status of 400 (Bad Request) @ http://localhost:3000/api/sheets?id=1qBBKQJS4x2cjZtMttNwq-R6x7JzfsdmVBkpc4fALkew&sheet=Shopify+Analytics:0
[  303081ms] [ERROR] [SCHICK-A-WALK] Shopify Analytics fetch failed: Error: Unable to parse range: Shopify Analytics!A1:Z2000
    at fetchShopifyAnalytics (http://localhost:3000/_next/static/chunks/_0357w.~._.js:761:28) @ http://localhost:3000/_next/static/chunks/node_modules_next_dist_115brz8._.js:3318
[  305780ms] [INFO] %cDownload the React DevTools for a better development experience: https://react.dev/link/react-devtools font-weight:bold @ http://localhost:3000/_next/static/chunks/node_modules_next_dist_115brz8._.js:2477
[  305794ms] [LOG] [HMR] connected @ http://localhost:3000/_next/static/chunks/node_modules_next_dist_115brz8._.js:2477
[  306292ms] [LOG] [SCHICK-A-WALK (Shopify)] header row 1: [Date, Total Sales, Gross Sales, Discounts, Returns, Net Sales, Total Orders, Aov] @ http://localhost:3000/_next/static/chunks/node_modules_next_dist_115brz8._.js:2477
[  306295ms] [ERROR] Failed to load resource: the server responded with a status of 400 (Bad Request) @ http://localhost:3000/api/sheets?id=1qBBKQJS4x2cjZtMttNwq-R6x7JzfsdmVBkpc4fALkew&sheet=Shopify+Analytics:0
[  306296ms] [ERROR] [SCHICK-A-WALK] Shopify Analytics fetch failed: Error: Unable to parse range: Shopify Analytics!A1:Z2000
    at fetchShopifyAnalytics (http://localhost:3000/_next/static/chunks/_0357w.~._.js:761:28) @ http://localhost:3000/_next/static/chunks/node_modules_next_dist_115brz8._.js:3318
[  306412ms] [LOG] [Saalvi] header row 1: [, Date, Ad Spend, Revenue, Impressions, Clicks, ATC, Purchases, ROAS, CPA, CR, CTR, AOV] @ http://localhost:3000/_next/static/chunks/node_modules_next_dist_115brz8._.js:2477
[  306412ms] [LOG] [SCHICK-A-WALK] header row 1: [Date, Ad Spend, Revenue, Impressions, Clicks, ATC, Purchases, ROAS, CPA, CR, CTR, AOV] @ http://localhost:3000/_next/static/chunks/node_modules_next_dist_115brz8._.js:2477
[  306415ms] [LOG] [OSN (Shopify)] header row 1: [Date, Total Sales, Gross Sales, Discounts, Returns, Net Sales, Total Orders, Aov] @ http://localhost:3000/_next/static/chunks/node_modules_next_dist_115brz8._.js:2477
[  306417ms] [LOG] [OSN] header row 1: [, Date, Ad Spend, Revenue, Impressions, Clicks, ATC, Purchases, ROAS, CPA, CR, CTR, AOV] @ http://localhost:3000/_next/static/chunks/node_modules_next_dist_115brz8._.js:2477
[  306684ms] [LOG] [Saalvi (Shopify)] header row 1: [Date, Total Sales, Gross Sales, Discounts, Returns, Net Sales, Total Orders, Aov] @ http://localhost:3000/_next/static/chunks/node_modules_next_dist_115brz8._.js:2477
[  306766ms] [LOG] [Maniyar] header row 1: [, Date, Ad Spend, Revenue, Impressions, Clicks, ATC, Purchases, ROAS, CPA, CR, CTR, AOV] @ http://localhost:3000/_next/static/chunks/node_modules_next_dist_115brz8._.js:2477
[  306800ms] [LOG] [Maniyar (Shopify)] header row 1: [Date, Total Sales, Gross Sales, Discounts, Returns, Net Sales, Total Orders, Aov] @ http://localhost:3000/_next/static/chunks/node_modules_next_dist_115brz8._.js:2477
[  306850ms] [LOG] [Evday (Shopify)] header row 1: [Date, Total Sales, Gross Sales, Discounts, Returns, Net Sales, Total Orders, Aov] @ http://localhost:3000/_next/static/chunks/node_modules_next_dist_115brz8._.js:2477
[  306851ms] [LOG] [Evday] header row 1: [, Date, Ad Spend, Revenue, Impressions, Clicks, ATC, Purchases, ROAS, CPA, CR, CTR, AOV] @ http://localhost:3000/_next/static/chunks/node_modules_next_dist_115brz8._.js:2477
[  307046ms] [LOG] [Skinloom] header row 1: [, Date, Ad Spend, Revenue, Impressions, Clicks, ATC, Purchases, ROAS, CPA, CR, CTR, AOV] @ http://localhost:3000/_next/static/chunks/node_modules_next_dist_115brz8._.js:2477
[  307142ms] [LOG] [Skinloom (Shopify)] header row 1: [Date, Total Sales, Gross Sales, Discounts, Returns, Net Sales, Total Orders, Aov] @ http://localhost:3000/_next/static/chunks/node_modules_next_dist_115brz8._.js:2477
[  307335ms] [LOG] [Milkvilla (Shopify)] header row 1: [] @ http://localhost:3000/_next/static/chunks/node_modules_next_dist_115brz8._.js:2477
[  307339ms] [LOG] [Milkvilla] header row 1: [, Date, Ad Spend, Revenue, Impressions, Clicks, ATC, Purchases, ROAS, CPA, CR, CTR, AOV] @ http://localhost:3000/_next/static/chunks/node_modules_next_dist_115brz8._.js:2477
[  311347ms] [ERROR] Failed to load resource: the server responded with a status of 400 (Bad Request) @ http://localhost:3000/api/sheets?id=1LhmdUEZrk5xGp6dfnpDdHu4rk6ZhReisxBNV2GP5lXI&sheet=Shopify+Analytics:0
[  311347ms] [ERROR] [OSN] Shopify Analytics fetch failed: Error: Unable to parse range: Shopify Analytics!A1:Z2000
    at fetchShopifyAnalytics (http://localhost:3000/_next/static/chunks/_0357w.~._.js:761:28) @ http://localhost:3000/_next/static/chunks/node_modules_next_dist_115brz8._.js:3318
[  361464ms] [INFO] %cDownload the React DevTools for a better development experience: https://react.dev/link/react-devtools font-weight:bold @ http://localhost:3000/_next/static/chunks/node_modules_next_dist_115brz8._.js:2477
[  361476ms] [LOG] [HMR] connected @ http://localhost:3000/_next/static/chunks/node_modules_next_dist_115brz8._.js:2477
[  361520ms] [LOG] [SCHICK-A-WALK] header row 1: [Date, Ad Spend, Revenue, Impressions, Clicks, ATC, Purchases, ROAS, CPA, CR, CTR, AOV] @ http://localhost:3000/_next/static/chunks/node_modules_next_dist_115brz8._.js:2477
[  361522ms] [LOG] [SCHICK-A-WALK (Shopify)] header row 1: [Date, Total Sales, Gross Sales, Discounts, Returns, Net Sales, Total Orders, Aov] @ http://localhost:3000/_next/static/chunks/node_modules_next_dist_115brz8._.js:2477
[  361526ms] [LOG] [OSN] header row 1: [, Date, Ad Spend, Revenue, Impressions, Clicks, ATC, Purchases, ROAS, CPA, CR, CTR, AOV] @ http://localhost:3000/_next/static/chunks/node_modules_next_dist_115brz8._.js:2477
[  361530ms] [LOG] [OSN (Shopify)] header row 1: [Date, Total Sales, Gross Sales, Discounts, Returns, Net Sales, Total Orders, Aov] @ http://localhost:3000/_next/static/chunks/node_modules_next_dist_115brz8._.js:2477
[  361533ms] [LOG] [Saalvi] header row 1: [, Date, Ad Spend, Revenue, Impressions, Clicks, ATC, Purchases, ROAS, CPA, CR, CTR, AOV] @ http://localhost:3000/_next/static/chunks/node_modules_next_dist_115brz8._.js:2477
[  361536ms] [LOG] [Saalvi (Shopify)] header row 1: [Date, Total Sales, Gross Sales, Discounts, Returns, Net Sales, Total Orders, Aov] @ http://localhost:3000/_next/static/chunks/node_modules_next_dist_115brz8._.js:2477
[  361538ms] [LOG] [Maniyar] header row 1: [, Date, Ad Spend, Revenue, Impressions, Clicks, ATC, Purchases, ROAS, CPA, CR, CTR, AOV] @ http://localhost:3000/_next/static/chunks/node_modules_next_dist_115brz8._.js:2477
[  361543ms] [LOG] [Maniyar (Shopify)] header row 1: [Date, Total Sales, Gross Sales, Discounts, Returns, Net Sales, Total Orders, Aov] @ http://localhost:3000/_next/static/chunks/node_modules_next_dist_115brz8._.js:2477
[  361549ms] [LOG] [Evday] header row 1: [, Date, Ad Spend, Revenue, Impressions, Clicks, ATC, Purchases, ROAS, CPA, CR, CTR, AOV] @ http://localhost:3000/_next/static/chunks/node_modules_next_dist_115brz8._.js:2477
[  361553ms] [LOG] [Evday (Shopify)] header row 1: [Date, Total Sales, Gross Sales, Discounts, Returns, Net Sales, Total Orders, Aov] @ http://localhost:3000/_next/static/chunks/node_modules_next_dist_115brz8._.js:2477
[  361556ms] [LOG] [Skinloom] header row 1: [, Date, Ad Spend, Revenue, Impressions, Clicks, ATC, Purchases, ROAS, CPA, CR, CTR, AOV] @ http://localhost:3000/_next/static/chunks/node_modules_next_dist_115brz8._.js:2477
[  361559ms] [LOG] [Skinloom (Shopify)] header row 1: [Date, Total Sales, Gross Sales, Discounts, Returns, Net Sales, Total Orders, Aov] @ http://localhost:3000/_next/static/chunks/node_modules_next_dist_115brz8._.js:2477
[  361562ms] [LOG] [Milkvilla] header row 1: [, Date, Ad Spend, Revenue, Impressions, Clicks, ATC, Purchases, ROAS, CPA, CR, CTR, AOV] @ http://localhost:3000/_next/static/chunks/node_modules_next_dist_115brz8._.js:2477
[  361565ms] [LOG] [Milkvilla (Shopify)] header row 1: [] @ http://localhost:3000/_next/static/chunks/node_modules_next_dist_115brz8._.js:2477
[  362096ms] [ERROR] Failed to load resource: the server responded with a status of 400 (Bad Request) @ http://localhost:3000/api/sheets?id=1qBBKQJS4x2cjZtMttNwq-R6x7JzfsdmVBkpc4fALkew&sheet=Shopify+Analytics:0
[  362096ms] [ERROR] [SCHICK-A-WALK] Shopify Analytics fetch failed: Error: Unable to parse range: Shopify Analytics!A1:Z2000
    at fetchShopifyAnalytics (http://localhost:3000/_next/static/chunks/_0357w.~._.js:761:28) @ http://localhost:3000/_next/static/chunks/node_modules_next_dist_115brz8._.js:3318
[  387234ms] [ERROR] Failed to load resource: the server responded with a status of 400 (Bad Request) @ http://localhost:3000/api/sheets?id=1LhmdUEZrk5xGp6dfnpDdHu4rk6ZhReisxBNV2GP5lXI&sheet=Shopify+Analytics:0
[  387235ms] [ERROR] [OSN] Shopify Analytics fetch failed: Error: Unable to parse range: Shopify Analytics!A1:Z2000
    at fetchShopifyAnalytics (http://localhost:3000/_next/static/chunks/_0357w.~._.js:761:28) @ http://localhost:3000/_next/static/chunks/node_modules_next_dist_115brz8._.js:3318
[  395257ms] [INFO] %cDownload the React DevTools for a better development experience: https://react.dev/link/react-devtools font-weight:bold @ http://localhost:3000/_next/static/chunks/node_modules_next_dist_115brz8._.js:2477
[  395268ms] [LOG] [HMR] connected @ http://localhost:3000/_next/static/chunks/node_modules_next_dist_115brz8._.js:2477
[  395783ms] [LOG] [OSN (Shopify)] header row 1: [Date, Total Sales, Gross Sales, Discounts, Returns, Net Sales, Total Orders, Aov] @ http://localhost:3000/_next/static/chunks/node_modules_next_dist_115brz8._.js:2477
[  395809ms] [LOG] [SCHICK-A-WALK (Shopify)] header row 1: [Date, Total Sales, Gross Sales, Discounts, Returns, Net Sales, Total Orders, Aov] @ http://localhost:3000/_next/static/chunks/node_modules_next_dist_115brz8._.js:2477
[  395817ms] [LOG] [Saalvi] header row 1: [, Date, Ad Spend, Revenue, Impressions, Clicks, ATC, Purchases, ROAS, CPA, CR, CTR, AOV] @ http://localhost:3000/_next/static/chunks/node_modules_next_dist_115brz8._.js:2477
[  395826ms] [LOG] [SCHICK-A-WALK] header row 1: [Date, Ad Spend, Revenue, Impressions, Clicks, ATC, Purchases, ROAS, CPA, CR, CTR, AOV] @ http://localhost:3000/_next/static/chunks/node_modules_next_dist_115brz8._.js:2477
[  395827ms] [ERROR] Failed to load resource: the server responded with a status of 400 (Bad Request) @ http://localhost:3000/api/sheets?id=1qBBKQJS4x2cjZtMttNwq-R6x7JzfsdmVBkpc4fALkew&sheet=Shopify+Analytics:0
[  395827ms] [ERROR] [SCHICK-A-WALK] Shopify Analytics fetch failed: Error: Unable to parse range: Shopify Analytics!A1:Z2000
    at fetchShopifyAnalytics (http://localhost:3000/_next/static/chunks/_0357w.~._.js:761:28) @ http://localhost:3000/_next/static/chunks/node_modules_next_dist_115brz8._.js:3318
[  395915ms] [LOG] [OSN] header row 1: [, Date, Ad Spend, Revenue, Impressions, Clicks, ATC, Purchases, ROAS, CPA, CR, CTR, AOV] @ http://localhost:3000/_next/static/chunks/node_modules_next_dist_115brz8._.js:2477
[  396300ms] [LOG] [Evday (Shopify)] header row 1: [Date, Total Sales, Gross Sales, Discounts, Returns, Net Sales, Total Orders, Aov] @ http://localhost:3000/_next/static/chunks/node_modules_next_dist_115brz8._.js:2477
[  396302ms] [LOG] [Evday] header row 1: [, Date, Ad Spend, Revenue, Impressions, Clicks, ATC, Purchases, ROAS, CPA, CR, CTR, AOV] @ http://localhost:3000/_next/static/chunks/node_modules_next_dist_115brz8._.js:2477
[  396305ms] [LOG] [Saalvi (Shopify)] header row 1: [Date, Total Sales, Gross Sales, Discounts, Returns, Net Sales, Total Orders, Aov] @ http://localhost:3000/_next/static/chunks/node_modules_next_dist_115brz8._.js:2477
[  396316ms] [LOG] [Maniyar (Shopify)] header row 1: [Date, Total Sales, Gross Sales, Discounts, Returns, Net Sales, Total Orders, Aov] @ http://localhost:3000/_next/static/chunks/node_modules_next_dist_115brz8._.js:2477
[  396383ms] [LOG] [Skinloom] header row 1: [, Date, Ad Spend, Revenue, Impressions, Clicks, ATC, Purchases, ROAS, CPA, CR, CTR, AOV] @ http://localhost:3000/_next/static/chunks/node_modules_next_dist_115brz8._.js:2477
[  396402ms] [LOG] [Maniyar] header row 1: [, Date, Ad Spend, Revenue, Impressions, Clicks, ATC, Purchases, ROAS, CPA, CR, CTR, AOV] @ http://localhost:3000/_next/static/chunks/node_modules_next_dist_115brz8._.js:2477
[  396716ms] [LOG] [Milkvilla (Shopify)] header row 1: [] @ http://localhost:3000/_next/static/chunks/node_modules_next_dist_115brz8._.js:2477
[  396722ms] [LOG] [Milkvilla] header row 1: [, Date, Ad Spend, Revenue, Impressions, Clicks, ATC, Purchases, ROAS, CPA, CR, CTR, AOV] @ http://localhost:3000/_next/static/chunks/node_modules_next_dist_115brz8._.js:2477
[  396788ms] [LOG] [Skinloom (Shopify)] header row 1: [Date, Total Sales, Gross Sales, Discounts, Returns, Net Sales, Total Orders, Aov] @ http://localhost:3000/_next/static/chunks/node_modules_next_dist_115brz8._.js:2477
[  586869ms] [LOG] [HMR] connected @ http://localhost:3000/_next/static/chunks/node_modules_next_dist_115brz8._.js:2477
[  794673ms] [LOG] [HMR] connected @ http://localhost:3000/_next/static/chunks/node_modules_next_dist_115brz8._.js:2477
[ 1687878ms] [LOG] [Fast Refresh] rebuilding @ http://localhost:3000/_next/static/chunks/node_modules_next_dist_115brz8._.js:2477
[ 1687982ms] [LOG] [Fast Refresh] done in 207ms @ http://localhost:3000/_next/static/chunks/node_modules_next_dist_115brz8._.js:2477
[ 1755344ms] [LOG] [Fast Refresh] rebuilding @ http://localhost:3000/_next/static/chunks/node_modules_next_dist_115brz8._.js:2477
[ 1755348ms] [LOG] [Fast Refresh] done in 106ms @ http://localhost:3000/_next/static/chunks/node_modules_next_dist_115brz8._.js:2477
[ 1765242ms] [LOG] [Fast Refresh] rebuilding @ http://localhost:3000/_next/static/chunks/node_modules_next_dist_115brz8._.js:2477
[ 1765260ms] [LOG] [Fast Refresh] done in 119ms @ http://localhost:3000/_next/static/chunks/node_modules_next_dist_115brz8._.js:2477
[ 2075180ms] [LOG] [HMR] connected @ http://localhost:3000/_next/static/chunks/node_modules_next_dist_115brz8._.js:2477
[ 2434480ms] [LOG] [HMR] connected @ http://localhost:3000/_next/static/chunks/node_modules_next_dist_115brz8._.js:2477
[ 5089585ms] [LOG] [HMR] connected @ http://localhost:3000/_next/static/chunks/node_modules_next_dist_115brz8._.js:2477
[ 8479675ms] [LOG] [HMR] connected @ http://localhost:3000/_next/static/chunks/node_modules_next_dist_115brz8._.js:2477
[ 8479838ms] [LOG] [Fast Refresh] rebuilding @ http://localhost:3000/_next/static/chunks/node_modules_next_dist_115brz8._.js:2477
[ 8479839ms] [LOG] [Fast Refresh] done in 105ms @ http://localhost:3000/_next/static/chunks/node_modules_next_dist_115brz8._.js:2477
[12764750ms] [LOG] [Fast Refresh] rebuilding @ http://localhost:3000/_next/static/chunks/node_modules_next_dist_115brz8._.js:2477
[12764844ms] [LOG] [Fast Refresh] done in 197ms @ http://localhost:3000/_next/static/chunks/node_modules_next_dist_115brz8._.js:2477
[13704229ms] [LOG] [HMR] connected @ http://localhost:3000/_next/static/chunks/node_modules_next_dist_115brz8._.js:2477
[14667821ms] [LOG] [HMR] connected @ http://localhost:3000/_next/static/chunks/node_modules_next_dist_115brz8._.js:2477
[14699785ms] [LOG] [HMR] connected @ http://localhost:3000/_next/static/chunks/node_modules_next_dist_115brz8._.js:2477
[15071497ms] [LOG] [HMR] connected @ http://localhost:3000/_next/static/chunks/node_modules_next_dist_115brz8._.js:2477
[19137607ms] [LOG] [Fast Refresh] rebuilding @ http://localhost:3000/_next/static/chunks/node_modules_next_dist_115brz8._.js:2477
[19138032ms] [LOG] [Fast Refresh] done in 526ms @ http://localhost:3000/_next/static/chunks/node_modules_next_dist_115brz8._.js:2477
[19241376ms] [LOG] [HMR] connected @ http://localhost:3000/_next/static/chunks/node_modules_next_dist_115brz8._.js:2477
[19378514ms] [LOG] [Fast Refresh] rebuilding @ http://localhost:3000/_next/static/chunks/node_modules_next_dist_115brz8._.js:2477
[19378548ms] [LOG] [Fast Refresh] done in 138ms @ http://localhost:3000/_next/static/chunks/node_modules_next_dist_115brz8._.js:2477
[19392968ms] [LOG] [Fast Refresh] rebuilding @ http://localhost:3000/_next/static/chunks/node_modules_next_dist_115brz8._.js:2477
[19393527ms] [LOG] [Fast Refresh] done in 400ms @ http://localhost:3000/_next/static/chunks/node_modules_next_dist_115brz8._.js:2477
[19409113ms] [LOG] [Fast Refresh] rebuilding @ http://localhost:3000/_next/static/chunks/node_modules_next_dist_115brz8._.js:2477
[19409235ms] [LOG] [Fast Refresh] done in 173ms @ http://localhost:3000/_next/static/chunks/node_modules_next_dist_115brz8._.js:2477
[19422746ms] [LOG] [Fast Refresh] rebuilding @ http://localhost:3000/_next/static/chunks/node_modules_next_dist_115brz8._.js:2477
[19422977ms] [LOG] [Fast Refresh] done in 288ms @ http://localhost:3000/_next/static/chunks/node_modules_next_dist_115brz8._.js:2477
[19423103ms] [LOG] [Fast Refresh] rebuilding @ http://localhost:3000/_next/static/chunks/node_modules_next_dist_115brz8._.js:2477
[19423300ms] [LOG] [Fast Refresh] done in 323ms @ http://localhost:3000/_next/static/chunks/node_modules_next_dist_115brz8._.js:2477
[19880982ms] [LOG] [Fast Refresh] rebuilding @ http://localhost:3000/_next/static/chunks/node_modules_next_dist_115brz8._.js:2477
[19881043ms] [LOG] [Fast Refresh] done in 161ms @ http://localhost:3000/_next/static/chunks/node_modules_next_dist_115brz8._.js:2477
[19990197ms] [LOG] [Fast Refresh] rebuilding @ http://localhost:3000/_next/static/chunks/node_modules_next_dist_115brz8._.js:2477
[19990588ms] [LOG] [Fast Refresh] done in 478ms @ http://localhost:3000/_next/static/chunks/node_modules_next_dist_115brz8._.js:2477
[20002017ms] [LOG] [Fast Refresh] rebuilding @ http://localhost:3000/_next/static/chunks/node_modules_next_dist_115brz8._.js:2477
[20002049ms] [LOG] [Fast Refresh] done in 68ms @ http://localhost:3000/_next/static/chunks/node_modules_next_dist_115brz8._.js:2477
[20012299ms] [LOG] [Fast Refresh] rebuilding @ http://localhost:3000/_next/static/chunks/node_modules_next_dist_115brz8._.js:2477
[20012327ms] [LOG] [Fast Refresh] done in 55ms @ http://localhost:3000/_next/static/chunks/node_modules_next_dist_115brz8._.js:2477
[20024626ms] [LOG] [Fast Refresh] rebuilding @ http://localhost:3000/_next/static/chunks/node_modules_next_dist_115brz8._.js:2477
[20024919ms] [LOG] [Fast Refresh] done in 369ms @ http://localhost:3000/_next/static/chunks/node_modules_next_dist_115brz8._.js:2477
[20944009ms] [LOG] [Fast Refresh] rebuilding @ http://localhost:3000/_next/static/chunks/node_modules_next_dist_115brz8._.js:2477
[20947779ms] [LOG] [Fast Refresh] done in 3875ms @ http://localhost:3000/_next/static/chunks/node_modules_next_dist_115brz8._.js:2477
