[     199ms] [INFO] %cDownload the React DevTools for a better development experience: https://react.dev/link/react-devtools font-weight:bold @ http://localhost:3000/_next/static/chunks/node_modules_next_dist_115brz8._.js:2477
[     213ms] [LOG] [HMR] connected @ http://localhost:3000/_next/static/chunks/node_modules_next_dist_115brz8._.js:2477
[     263ms] [LOG] [SCHICK-A-WALK] header row 1: [, Date, Ad Spend, Revenue, Impressions, Clicks, ATC, Purchases, ROAS, CPA, CR, CTR, AOV] @ http://localhost:3000/_next/static/chunks/node_modules_next_dist_115brz8._.js:2477
[     268ms] [LOG] [SCHICK-A-WALK (Shopify)] header row 1: [Date, Total Sales, Gross Sales, Discounts, Returns, Net Sales, Total Orders, Aov] @ http://localhost:3000/_next/static/chunks/node_modules_next_dist_115brz8._.js:2477
[     271ms] [LOG] [OSN] header row 1: [, Date, Ad Spend, Revenue, Impressions, Clicks, ATC, Purchases, ROAS, CPA, CR, CTR, AOV] @ http://localhost:3000/_next/static/chunks/node_modules_next_dist_115brz8._.js:2477
[     275ms] [LOG] [OSN (Shopify)] header row 1: [Date, Total Sales, Gross Sales, Discounts, Returns, Net Sales, Total Orders, Aov] @ http://localhost:3000/_next/static/chunks/node_modules_next_dist_115brz8._.js:2477
[     280ms] [LOG] [Saalvi] header row 1: [, Date, Ad Spend, Revenue, Impressions, Clicks, ATC, Purchases, ROAS, CPA, CR, CTR, AOV] @ http://localhost:3000/_next/static/chunks/node_modules_next_dist_115brz8._.js:2477
[     285ms] [LOG] [Saalvi (Shopify)] header row 1: [Date, Total Sales, Gross Sales, Discounts, Returns, Net Sales, Total Orders, Aov] @ http://localhost:3000/_next/static/chunks/node_modules_next_dist_115brz8._.js:2477
[     291ms] [LOG] [Maniyar] header row 1: [, Date, Ad Spend, Revenue, Impressions, Clicks, ATC, Purchases, ROAS, CPA, CR, CTR, AOV] @ http://localhost:3000/_next/static/chunks/node_modules_next_dist_115brz8._.js:2477
[     297ms] [LOG] [Maniyar (Shopify)] header row 1: [Date, Total Sales, Gross Sales, Discounts, Returns, Net Sales, Total Orders, Aov] @ http://localhost:3000/_next/static/chunks/node_modules_next_dist_115brz8._.js:2477
[     300ms] [LOG] [Evday] header row 1: [, Date, Ad Spend, Revenue, Impressions, Clicks, ATC, Purchases, ROAS, CPA, CR, CTR, AOV] @ http://localhost:3000/_next/static/chunks/node_modules_next_dist_115brz8._.js:2477
[     320ms] [LOG] [Evday (Shopify)] header row 1: [Date, Total Sales, Gross Sales, Discounts, Returns, Net Sales, Total Orders, Aov] @ http://localhost:3000/_next/static/chunks/node_modules_next_dist_115brz8._.js:2477
[     320ms] [LOG] [Skinloom] header row 1: [, Date, Ad Spend, Revenue, Impressions, Clicks, ATC, Purchases, ROAS, CPA, CR, CTR, AOV] @ http://localhost:3000/_next/static/chunks/node_modules_next_dist_115brz8._.js:2477
[     321ms] [LOG] [Skinloom (Shopify)] header row 1: [Date, Total Sales, Gross Sales, Discounts, Returns, Net Sales, Total Orders, Aov] @ http://localhost:3000/_next/static/chunks/node_modules_next_dist_115brz8._.js:2477
[     321ms] [LOG] [Milkvilla] header row 1: [, Date, Ad Spend, Revenue, Impressions, Clicks, ATC, Purchases, ROAS, CPA, CR, CTR, AOV] @ http://localhost:3000/_next/static/chunks/node_modules_next_dist_115brz8._.js:2477
[     322ms] [LOG] [Milkvilla (Shopify)] header row 1: [] @ http://localhost:3000/_next/static/chunks/node_modules_next_dist_115brz8._.js:2477
[     613ms] [LOG] [Fast Refresh] rebuilding @ http://localhost:3000/_next/static/chunks/node_modules_next_dist_115brz8._.js:2477
[    1063ms] [LOG] [Fast Refresh] done in 839ms @ http://localhost:3000/_next/static/chunks/node_modules_next_dist_115brz8._.js:2477
[  132275ms] [LOG] [Fast Refresh] rebuilding @ http://localhost:3000/_next/static/chunks/node_modules_next_dist_115brz8._.js:2477
[  132943ms] [LOG] [Fast Refresh] done in 685ms @ http://localhost:3000/_next/static/chunks/node_modules_next_dist_115brz8._.js:2477
[  155659ms] [LOG] [Fast Refresh] rebuilding @ http://localhost:3000/_next/static/chunks/node_modules_next_dist_115brz8._.js:2477
[  155715ms] [LOG] [Fast Refresh] done in 47ms @ http://localhost:3000/_next/static/chunks/node_modules_next_dist_115brz8._.js:2477
[  170142ms] [LOG] [Fast Refresh] rebuilding @ http://localhost:3000/_next/static/chunks/node_modules_next_dist_115brz8._.js:2477
[  170163ms] [LOG] [Fast Refresh] done in 77ms @ http://localhost:3000/_next/static/chunks/node_modules_next_dist_115brz8._.js:2477
