[     172ms] [INFO] %cDownload the React DevTools for a better development experience: https://react.dev/link/react-devtools font-weight:bold @ http://localhost:3000/_next/static/chunks/node_modules_next_dist_115brz8._.js:2477
[     191ms] [LOG] [HMR] connected @ http://localhost:3000/_next/static/chunks/node_modules_next_dist_115brz8._.js:2477
[    1230ms] [WARNING] Duplicate headers found and renamed. @ http://localhost:3000/_next/static/chunks/node_modules_next_dist_115brz8._.js:2477
[    1327ms] [WARNING] Duplicate headers found and renamed. @ http://localhost:3000/_next/static/chunks/node_modules_next_dist_115brz8._.js:2477
[   88704ms] [INFO] %cDownload the React DevTools for a better development experience: https://react.dev/link/react-devtools font-weight:bold @ http://localhost:3000/_next/static/chunks/node_modules_next_dist_115brz8._.js:2477
[   88722ms] [LOG] [HMR] connected @ http://localhost:3000/_next/static/chunks/node_modules_next_dist_115brz8._.js:2477
[   89701ms] [WARNING] Duplicate headers found and renamed. @ http://localhost:3000/_next/static/chunks/node_modules_next_dist_115brz8._.js:2477
[   89804ms] [WARNING] Duplicate headers found and renamed. @ http://localhost:3000/_next/static/chunks/node_modules_next_dist_115brz8._.js:2477
[  122737ms] [LOG] [Fast Refresh] rebuilding @ http://localhost:3000/_next/static/chunks/node_modules_next_dist_115brz8._.js:2477
[  122843ms] [LOG] [Fast Refresh] done in 44ms @ http://localhost:3000/_next/static/chunks/node_modules_next_dist_115brz8._.js:2477
[  131651ms] [LOG] [Fast Refresh] rebuilding @ http://localhost:3000/_next/static/chunks/node_modules_next_dist_115brz8._.js:2477
[  131660ms] [LOG] [Fast Refresh] done in 110ms @ http://localhost:3000/_next/static/chunks/node_modules_next_dist_115brz8._.js:2477
[  131701ms] [INFO] %cDownload the React DevTools for a better development experience: https://react.dev/link/react-devtools font-weight:bold @ http://localhost:3000/_next/static/chunks/node_modules_next_dist_115brz8._.js:2477
[  131717ms] [LOG] [HMR] connected @ http://localhost:3000/_next/static/chunks/node_modules_next_dist_115brz8._.js:2477
[  132605ms] [WARNING] Duplicate headers found and renamed. @ http://localhost:3000/_next/static/chunks/node_modules_next_dist_115brz8._.js:2477
[  132606ms] [WARNING] Duplicate headers found and renamed. @ http://localhost:3000/_next/static/chunks/node_modules_next_dist_115brz8._.js:2477
[  160143ms] [INFO] %cDownload the React DevTools for a better development experience: https://react.dev/link/react-devtools font-weight:bold @ http://localhost:3000/_next/static/chunks/node_modules_next_dist_115brz8._.js:2477
[  160158ms] [LOG] [HMR] connected @ http://localhost:3000/_next/static/chunks/node_modules_next_dist_115brz8._.js:2477
[  160796ms] [LOG] [Fast Refresh] rebuilding @ http://localhost:3000/_next/static/chunks/node_modules_next_dist_115brz8._.js:2477
[  160822ms] [LOG] [Fast Refresh] done in 84ms @ http://localhost:3000/_next/static/chunks/node_modules_next_dist_115brz8._.js:2477
[  160923ms] [LOG] [Fast Refresh] rebuilding @ http://localhost:3000/_next/static/chunks/node_modules_next_dist_115brz8._.js:2477
[  161061ms] [LOG] [Fast Refresh] done in 238ms @ http://localhost:3000/_next/static/chunks/node_modules_next_dist_115brz8._.js:2477
[  161069ms] [WARNING] Duplicate headers found and renamed. @ http://localhost:3000/_next/static/chunks/node_modules_next_dist_115brz8._.js:2477
[  161069ms] [WARNING] Duplicate headers found and renamed. @ http://localhost:3000/_next/static/chunks/node_modules_next_dist_115brz8._.js:2477
[  162005ms] [WARNING] Duplicate headers found and renamed. @ http://localhost:3000/_next/static/chunks/node_modules_next_dist_115brz8._.js:2477
[  162006ms] [LOG] [Maniyar] columns: [, _1, _2, _3, _4] @ http://localhost:3000/_next/static/chunks/node_modules_next_dist_115brz8._.js:2477
[  162305ms] [WARNING] Duplicate headers found and renamed. @ http://localhost:3000/_next/static/chunks/node_modules_next_dist_115brz8._.js:2477
[  162305ms] [LOG] [OSN] columns: [, _1, _2, _3, _4] @ http://localhost:3000/_next/static/chunks/node_modules_next_dist_115brz8._.js:2477
[  178665ms] [LOG] [Fast Refresh] rebuilding @ http://localhost:3000/_next/static/chunks/node_modules_next_dist_115brz8._.js:2477
[  178730ms] [LOG] [Fast Refresh] done in 80ms @ http://localhost:3000/_next/static/chunks/node_modules_next_dist_115brz8._.js:2477
[  179612ms] [WARNING] Duplicate headers found and renamed. @ http://localhost:3000/_next/static/chunks/node_modules_next_dist_115brz8._.js:2477
[  179612ms] [LOG] [Maniyar] columns: [, _1, _2, _3, _4] @ http://localhost:3000/_next/static/chunks/node_modules_next_dist_115brz8._.js:2477
[  179614ms] [WARNING] Duplicate headers found and renamed. @ http://localhost:3000/_next/static/chunks/node_modules_next_dist_115brz8._.js:2477
[  179614ms] [LOG] [OSN] columns: [, _1, _2, _3, _4] @ http://localhost:3000/_next/static/chunks/node_modules_next_dist_115brz8._.js:2477
[  181888ms] [INFO] %cDownload the React DevTools for a better development experience: https://react.dev/link/react-devtools font-weight:bold @ http://localhost:3000/_next/static/chunks/node_modules_next_dist_115brz8._.js:2477
[  181902ms] [LOG] [HMR] connected @ http://localhost:3000/_next/static/chunks/node_modules_next_dist_115brz8._.js:2477
[  182785ms] [WARNING] Duplicate headers found and renamed. @ http://localhost:3000/_next/static/chunks/node_modules_next_dist_115brz8._.js:2477
[  182785ms] [LOG] [OSN] columns: [, _1, _2, _3, _4] @ http://localhost:3000/_next/static/chunks/node_modules_next_dist_115brz8._.js:2477
[  182916ms] [WARNING] Duplicate headers found and renamed. @ http://localhost:3000/_next/static/chunks/node_modules_next_dist_115brz8._.js:2477
[  182916ms] [LOG] [Maniyar] columns: [, _1, _2, _3, _4] @ http://localhost:3000/_next/static/chunks/node_modules_next_dist_115brz8._.js:2477
