[     111ms] [INFO] %cDownload the React DevTools for a better development experience: https://react.dev/link/react-devtools font-weight:bold @ http://localhost:3000/_next/static/chunks/node_modules_next_dist_115brz8._.js:2477
[     124ms] [LOG] [HMR] connected @ http://localhost:3000/_next/static/chunks/node_modules_next_dist_115brz8._.js:2477
[     282ms] [LOG] [Fast Refresh] rebuilding @ http://localhost:3000/_next/static/chunks/node_modules_next_dist_115brz8._.js:2477
[     282ms] [LOG] [SCHICK-A-WALK] header row 1: [Date, Ad Spend, Revenue, Impressions, Clicks, ATC, Purchases, ROAS, CPA, CR, CTR, AOV] @ http://localhost:3000/_next/static/chunks/node_modules_next_dist_115brz8._.js:2477
[     283ms] [LOG] [OSN] header row 1: [, Date, Ad Spend, Revenue, Impressions, Clicks, ATC, Purchases, ROAS, CPA, CR, CTR, AOV] @ http://localhost:3000/_next/static/chunks/node_modules_next_dist_115brz8._.js:2477
[     284ms] [LOG] [Saalvi] header row 1: [, Date, Ad Spend, Revenue, Impressions, Clicks, ATC, Purchases, ROAS, CPA, CR, CTR, AOV] @ http://localhost:3000/_next/static/chunks/node_modules_next_dist_115brz8._.js:2477
[     284ms] [LOG] [Maniyar] header row 1: [, Date, Ad Spend, Revenue, Impressions, Clicks, ATC, Purchases, ROAS, CPA, CR, CTR, AOV] @ http://localhost:3000/_next/static/chunks/node_modules_next_dist_115brz8._.js:2477
[     285ms] [LOG] [Fast Refresh] done in 136ms @ http://localhost:3000/_next/static/chunks/node_modules_next_dist_115brz8._.js:2477
[     291ms] [LOG] [Evday] header row 1: [, Date, Ad Spend, Revenue, Impressions, Clicks, ATC, Purchases, ROAS, CPA, CR, CTR, AOV] @ http://localhost:3000/_next/static/chunks/node_modules_next_dist_115brz8._.js:2477
[     292ms] [LOG] [Skinloom] header row 1: [, Date, Ad Spend, Revenue, Impressions, Clicks, ATC, Purchases, ROAS, CPA, CR, CTR, AOV] @ http://localhost:3000/_next/static/chunks/node_modules_next_dist_115brz8._.js:2477
[     292ms] [LOG] [Milkvilla] header row 1: [, Date, Ad Spend, Revenue, Impressions, Clicks, ATC, Purchases, ROAS, CPA, CR, CTR, AOV] @ http://localhost:3000/_next/static/chunks/node_modules_next_dist_115brz8._.js:2477
[     292ms] [LOG] [Milkvilla (Shopify)] header row 1: [] @ http://localhost:3000/_next/static/chunks/node_modules_next_dist_115brz8._.js:2477
[   97020ms] [INFO] %cDownload the React DevTools for a better development experience: https://react.dev/link/react-devtools font-weight:bold @ http://localhost:3000/_next/static/chunks/node_modules_next_dist_115brz8._.js:2477
[   97045ms] [LOG] [HMR] connected @ http://localhost:3000/_next/static/chunks/node_modules_next_dist_115brz8._.js:2477
[   97657ms] [LOG] [SCHICK-A-WALK] header row 1: [Date, Ad Spend, Revenue, Impressions, Clicks, ATC, Purchases, ROAS, CPA, CR, CTR, AOV] @ http://localhost:3000/_next/static/chunks/node_modules_next_dist_115brz8._.js:2477
[   98168ms] [LOG] [OSN] header row 1: [, Date, Ad Spend, Revenue, Impressions, Clicks, ATC, Purchases, ROAS, CPA, CR, CTR, AOV] @ http://localhost:3000/_next/static/chunks/node_modules_next_dist_115brz8._.js:2477
[   98653ms] [LOG] [Evday] header row 1: [, Date, Ad Spend, Revenue, Impressions, Clicks, ATC, Purchases, ROAS, CPA, CR, CTR, AOV] @ http://localhost:3000/_next/static/chunks/node_modules_next_dist_115brz8._.js:2477
[   98655ms] [LOG] [Maniyar] header row 1: [, Date, Ad Spend, Revenue, Impressions, Clicks, ATC, Purchases, ROAS, CPA, CR, CTR, AOV] @ http://localhost:3000/_next/static/chunks/node_modules_next_dist_115brz8._.js:2477
[   98681ms] [LOG] [Saalvi] header row 1: [, Date, Ad Spend, Revenue, Impressions, Clicks, ATC, Purchases, ROAS, CPA, CR, CTR, AOV] @ http://localhost:3000/_next/static/chunks/node_modules_next_dist_115brz8._.js:2477
[   98695ms] [LOG] [Milkvilla] header row 1: [, Date, Ad Spend, Revenue, Impressions, Clicks, ATC, Purchases, ROAS, CPA, CR, CTR, AOV] @ http://localhost:3000/_next/static/chunks/node_modules_next_dist_115brz8._.js:2477
[   98729ms] [LOG] [Skinloom] header row 1: [, Date, Ad Spend, Revenue, Impressions, Clicks, ATC, Purchases, ROAS, CPA, CR, CTR, AOV] @ http://localhost:3000/_next/static/chunks/node_modules_next_dist_115brz8._.js:2477
[   98739ms] [LOG] [Milkvilla (Shopify)] header row 1: [] @ http://localhost:3000/_next/static/chunks/node_modules_next_dist_115brz8._.js:2477
[  188365ms] [LOG] [Fast Refresh] rebuilding @ http://localhost:3000/_next/static/chunks/node_modules_next_dist_115brz8._.js:2477
[  188515ms] [LOG] [Fast Refresh] done in 229ms @ http://localhost:3000/_next/static/chunks/node_modules_next_dist_115brz8._.js:2477
